[37m[nfo] bool     true=true[0m
[93m[WRN] bool     false=false[0m
[37m[nfo] byte     min=0[0m
[93m[WRN] byte     max=255[0m
[37m[nfo] time.Duration      how_long=2m5s[0m
[93m[WRN] time.Duration      this_long=4h48m1s[0m
[91m[ERR] error    error="this is the error"[0m
[93m[WRN] error    error=null[0m
[37m[nfo] float32       floatymc=3.333343267440796[0m
[93m[WRN] float32       floatface=-2.0000000072549875e-15[0m
[37m[nfo] float64       flargen=0[0m
[93m[WRN] float64       blargen=-1.234456e+78[0m
[37m[nfo] int      zero=0[0m
[93m[WRN] int      negative=-1[0m
[37m[nfo] int8     max=127[0m
[93m[WRN] int8     min=-128[0m
[37m[nfo] int16    max=32767[0m
[93m[WRN] int16    min=-32768[0m
[37m[nfo] int32    max=2147483647[0m
[93m[WRN] int32    min=-2147483648[0m
[37m[nfo] int64    max=9223372036854775807[0m
[93m[WRN] int64    min=-9223372036854775808[0m
[37m[nfo] string   empty=""[0m
[37m[nfo] string   space=" "[0m
[37m[nfo] string   quotes="\""[0m
[37m[nfo] string   newline="\n"[0m
[37m[nfo] string   newline=a[0m
[37m[nfo] string   punctuation=!@#$%^&*()_+-=[]{}|;':,.<>?[0m
[93m[WRN] string   long="this is a relatively long sentence with  éz…ê…π…î cha\rac\ters i\n it  \"<<&&>>\""[0m
[37m[nfo] time.Time     party=1999-01-01T00:00:00Z[0m
[93m[WRN] time.Time     future=2038-07-13T02:55:13Z[0m
[37m[nfo] time.Time (nano)   party=1999-01-01T00:00:00Z[0m
[93m[WRN] time.Time (nano)   future=2038-07-13T02:55:13.012398456Z[0m
[37m[nfo] time.Time (unix)   party=915148800[0m
[93m[WRN] time.Time (unix)   future=2162602513[0m
[37m[nfo] time.Time (unix,nano)   party=915148800000000000[0m
[93m[WRN] time.Time (unix,nano)   future=2162602513012398456[0m
[37m[nfo] uint     zero=0[0m
[93m[WRN] uint     one=1[0m
[37m[nfo] uint8    max=255[0m
[93m[WRN] uint8    min=0[0m
[37m[nfo] uint16   max=65535[0m
[93m[WRN] uint16   min=0[0m
[37m[nfo] uint32   max=4294967295[0m
[93m[WRN] uint32   min=0[0m
[37m[nfo] uint64   max=18446744073709551615[0m
[93m[WRN] uint64   min=0[0m
