[37m[nfo] before adding fixed logger 1[0m
[93m[WRN] main logger should still log properly[0m
[37m[nfo] after removing fixed logger 1[0m
[37m[nfo] before adding fixed logger 2[0m
[37m[nfo] before adding fixed logger 3[0m
[37m[nfo] regular log[0m
[37m[nfo] another regular log (via fl2)[0m
[37m[nfo] this should be redirected to parent logger[0m
