[WRN] something unexpected happened on the first line
