[93m[WRN] something unexpected happened on the first line[0m
