{"timestamp":"2019-09-10T21:44:00Z","level":"warning","msg":"something unexpected happened on the first line"}
