{"timestamp":"2019-09-10T21:44:00Z","level":"transient","msg":"this is a transient line"}
{"timestamp":"2019-09-10T21:44:00Z","level":"verbose","msg":"this is a verbose line"}
{"timestamp":"2019-09-10T21:44:00Z","level":"info","msg":"this is an info line"}
{"timestamp":"2019-09-10T21:44:00Z","level":"warning","msg":"this is a warning line"}
{"timestamp":"2019-09-10T21:44:00Z","level":"error","msg":"this is an error line"}
{"timestamp":"2019-09-10T21:44:00Z","level":"verbose","msg":"this is a verbose line"}
{"timestamp":"2019-09-10T21:44:00Z","level":"info","msg":"this is an info line"}
{"timestamp":"2019-09-10T21:44:00Z","level":"warning","msg":"this is a warning line"}
{"timestamp":"2019-09-10T21:44:00Z","level":"error","msg":"this is an error line"}
{"timestamp":"2019-09-10T21:44:00Z","level":"info","msg":"this is an info line"}
{"timestamp":"2019-09-10T21:44:00Z","level":"warning","msg":"this is a warning line"}
{"timestamp":"2019-09-10T21:44:00Z","level":"error","msg":"this is an error line"}
{"timestamp":"2019-09-10T21:44:00Z","level":"warning","msg":"this is a warning line"}
{"timestamp":"2019-09-10T21:44:00Z","level":"error","msg":"this is an error line"}
{"timestamp":"2019-09-10T21:44:00Z","level":"error","msg":"this is an error line"}
