[37m[nfo] most of these lines will end up the same[0m
[37m[nfo] most of these lines will end up the same[0m
[37m[nfo] most of these lines will end up the same[0m
[37m[nfo] most of these lines will end up the same[0m
[37m[nfo] most of these lines will end up the same[0m
[37m[nfo] most of these lines will end up the same[0m
[37m[nfo] most of these lines will end up the same[0m
[37m[nfo] most of these lines will end up the same[0m
[37m[nfo] exceptÂ¶these last couple of lines, which have newline breaks[0m
[37m[nfo] except theseÂ¶last couple of lines, whichÂ¶have newline breaks[0m
[37m[nfo] except these lastÂ¶couple of lines,Â¶Â¶which have newline breaks[0m
[37m[nfo] except these last coupleÂ¶Â¶of lines, which have newline breaks[0m
[37m[nfo] except these last couple of lines, whichÂ¶haveÂ¶newline breaks[0m
[37m[nfo] except these last coupleÂ¶of lines, which haveÂ¶Â¶Â¶newline breaks[0m
