{"timestamp":"2019-09-10T21:44:00Z","level":"info","msg":"most of these lines will end up the same"}
{"timestamp":"2019-09-10T21:44:00Z","level":"info","msg":"most of these lines will end up the same"}
{"timestamp":"2019-09-10T21:44:00Z","level":"info","msg":"most of these lines will end up the same"}
{"timestamp":"2019-09-10T21:44:00Z","level":"info","msg":"most of these lines will end up the same"}
{"timestamp":"2019-09-10T21:44:00Z","level":"info","msg":"most of these lines will end up the same"}
{"timestamp":"2019-09-10T21:44:00Z","level":"info","msg":"most of these lines will end up the same"}
{"timestamp":"2019-09-10T21:44:00Z","level":"info","msg":"most of these lines will end up the same"}
{"timestamp":"2019-09-10T21:44:00Z","level":"info","msg":"most of these lines will end up the same"}
{"timestamp":"2019-09-10T21:44:00Z","level":"info","msg":"except\nthese last couple of lines, which have newline breaks"}
{"timestamp":"2019-09-10T21:44:00Z","level":"info","msg":"except these\nlast couple of lines, which\nhave newline breaks"}
{"timestamp":"2019-09-10T21:44:00Z","level":"info","msg":"except these last\ncouple of lines,\n\nwhich have newline breaks"}
{"timestamp":"2019-09-10T21:44:00Z","level":"info","msg":"except these last couple\n\nof lines, which have newline breaks"}
{"timestamp":"2019-09-10T21:44:00Z","level":"info","msg":"except these last couple of lines, which\nhave\nnewline breaks"}
{"timestamp":"2019-09-10T21:44:00Z","level":"info","msg":"except these last couple\nof lines, which have\n\n\nnewline breaks"}
