[33m[WRN] [93msomething unexpected happened on the first line[0m
