[37m[nfo] [37mtrue=[97mtrue      [97mbool[0m
[33m[WRN] [33mfalse=[93mfalse    [93mbool[0m
[37m[nfo] [37mmin=[97m0     [97mbyte[0m
[33m[WRN] [33mmax=[93m255   [93mbyte[0m
[37m[nfo] [37mhow_long=[97m2m5s       [97mtime.Duration[0m
[33m[WRN] [33mthis_long=[93m4h48m1s   [93mtime.Duration[0m
[31m[ERR] [31merror=[91m"this is the error"     [91merror[0m
[33m[WRN] [33merror=[93mnull     [93merror[0m
[37m[nfo] [37mfloatymc=[97m3.333343267440796    [97mfloat32[0m
[33m[WRN] [33mfloatface=[93m-2.0000000072549875e-15       [93mfloat32[0m
[37m[nfo] [37mflargen=[97m0      [97mfloat64[0m
[33m[WRN] [33mblargen=[93m-1.234456e+78    [93mfloat64[0m
[37m[nfo] [37mzero=[97m0    [97mint[0m
[33m[WRN] [33mnegative=[93m-1    [93mint[0m
[37m[nfo] [37mmax=[97m127   [97mint8[0m
[33m[WRN] [33mmin=[93m-128       [93mint8[0m
[37m[nfo] [37mmax=[97m32767      [97mint16[0m
[33m[WRN] [33mmin=[93m-32768     [93mint16[0m
[37m[nfo] [37mmax=[97m2147483647      [97mint32[0m
[33m[WRN] [33mmin=[93m-2147483648     [93mint32[0m
[37m[nfo] [37mmax=[97m9223372036854775807       [97mint64[0m
[33m[WRN] [33mmin=[93m-9223372036854775808      [93mint64[0m
[37m[nfo] [37mempty=[97m""       [97mstring[0m
[37m[nfo] [37mspace=[97m" "      [97mstring[0m
[37m[nfo] [37mquotes=[97m"\""    [97mstring[0m
[37m[nfo] [37mnewline=[97m"\n"   [97mstring[0m
[37m[nfo] [37mnewline=[97ma      [97mstring[0m
[37m[nfo] [37mpunctuation=[97m!@#$%^&*()_+-=[]{}|;':,.<>?      [97mstring[0m
[33m[WRN] [33mlong=[93m"this is a relatively long sentence with  éz…ê…π…î cha\rac\ters i\n it  \"<<&&>>\""     [93mstring[0m
[37m[nfo] [37mparty=[97m1999-01-01T00:00:00Z    [97mtime.Time[0m
[33m[WRN] [33mfuture=[93m2038-07-13T02:55:13Z   [93mtime.Time[0m
[37m[nfo] [37mparty=[97m1999-01-01T00:00:00Z    [97mtime.Time (nano)[0m
[33m[WRN] [33mfuture=[93m2038-07-13T02:55:13.012398456Z   [93mtime.Time (nano)[0m
[37m[nfo] [37mparty=[97m915148800     [97mtime.Time (unix)[0m
[33m[WRN] [33mfuture=[93m2162602513   [93mtime.Time (unix)[0m
[37m[nfo] [37mparty=[97m915148800000000000      [97mtime.Time (unix,nano)[0m
[33m[WRN] [33mfuture=[93m2162602513012398456    [93mtime.Time (unix,nano)[0m
[37m[nfo] [37mzero=[97m0    [97muint[0m
[33m[WRN] [33mone=[93m1     [93muint[0m
[37m[nfo] [37mmax=[97m255   [97muint8[0m
[33m[WRN] [33mmin=[93m0     [93muint8[0m
[37m[nfo] [37mmax=[97m65535      [97muint16[0m
[33m[WRN] [33mmin=[93m0     [93muint16[0m
[37m[nfo] [37mmax=[97m4294967295      [97muint32[0m
[33m[WRN] [33mmin=[93m0     [93muint32[0m
[37m[nfo] [37mmax=[97m18446744073709551615      [97muint64[0m
[33m[WRN] [33mmin=[93m0     [93muint64[0m
