[37m[nfo] [97mmost of these lines will end up the same[0m
[37m[nfo] [97mmost of these lines will end up the same[0m
[37m[nfo] [97mmost of these lines will end up the same[0m
[37m[nfo] [97mmost of these lines will end up the same[0m
[37m[nfo] [97mmost of these lines will end up the same[0m
[37m[nfo] [97mmost of these lines will end up the same[0m
[37m[nfo] [97mmost of these lines will end up the same[0m
[37m[nfo] [97mmost of these lines will end up the same[0m
[37m[nfo] [97mexcept\nthese last couple of lines, which have newline breaks[0m
[37m[nfo] [97mexcept these\nlast couple of lines, which\nhave newline breaks[0m
[37m[nfo] [97mexcept these last\ncouple of lines,\n\nwhich have newline breaks[0m
[37m[nfo] [97mexcept these last couple\n\nof lines, which have newline breaks[0m
[37m[nfo] [97mexcept these last couple of lines, which\nhave\nnewline breaks[0m
[37m[nfo] [97mexcept these last couple\nof lines, which have\n\n\nnewline breaks[0m
