[nfo] before adding anchor or fields
[nfo] non-transient anchored line with fields      where=inner static=true
[nfo] just anchor    where=inner
[WRN] now that the anchor is gone, lf should pass to the parent   where=inner static=true
[nfo] after removing anchored logger
