{"timestamp":"2019-09-10T21:44:00Z","level":"info","msg":"unquoted"}
{"timestamp":"2019-09-10T21:44:00Z","level":"info","msg":"\"quoted\""}
{"timestamp":"2019-09-10T21:44:00Z","level":"info","msg":"unquoted \"quoted\""}
{"timestamp":"2019-09-10T21:44:00Z","level":"info","msg":"\"quoted\" unquoted"}
{"timestamp":"2019-09-10T21:44:00Z","level":"info","msg":"unquoted \"quoted\" unquoted"}
{"timestamp":"2019-09-10T21:44:00Z","level":"info","msg":"\"quoted\" unquoted \"quoted\""}
{"timestamp":"2019-09-10T21:44:00Z","level":"info","msg":"unquoted \"\"double quoted\"\" unquoted"}
{"timestamp":"2019-09-10T21:44:00Z","level":"info","msg":"unquoted \"quoted\"","field":"unquoted"}
{"timestamp":"2019-09-10T21:44:00Z","level":"info","msg":"unquoted \"quoted\"","field":"\"quoted\""}
{"timestamp":"2019-09-10T21:44:00Z","level":"info","msg":"unquoted \"quoted\"","field":"unquoted \"quoted\""}
{"timestamp":"2019-09-10T21:44:00Z","level":"info","msg":"unquoted \"quoted\"","field":"unquoted \"\"double quoted\"\""}
