{"timestamp":"2019-09-10T21:44:00Z","level":"info","msg":"customized logger","foo":"bar","n":100}
{"timestamp":"2019-09-10T21:44:00Z","level":"warning","msg":"customized logger with conflicting field names","foo":"bar","foo":"custom"}
{"timestamp":"2019-09-10T21:44:00Z","level":"error","msg":"customized logger with and without conflicting field names","foo":"bar","foo":"custom","n":200}
{"timestamp":"2019-09-10T21:44:00Z","level":"info","msg":"customized logger","palette":"dark","n":100}
{"timestamp":"2019-09-10T21:44:00Z","level":"warning","msg":"local option overrides customized option","palette":"dark","palette":"color"}
