{"timestamp":"2019-09-10T21:44:00Z","level":"info","msg":"before adding anchor or fields"}
{"timestamp":"2019-09-10T21:44:00Z","level":"info","msg":"non-transient anchored line with fields","static":true}
{"timestamp":"2019-09-10T21:44:00Z","level":"info","msg":"just anchor"}
{"timestamp":"2019-09-10T21:44:00Z","level":"warning","msg":"now that the anchor is gone, lf should pass to the parent","static":true}
{"timestamp":"2019-09-10T21:44:00Z","level":"info","msg":"after removing anchored logger"}
